
> futureforge-ai@0.0.0 build
> tsc -b && vite build

src/components/AIChatbot.tsx(5,3): error TS1003: Identifier expected.
src/components/AIChatbot.tsx(12,1): error TS1128: Declaration or statement expected.
src/components/AIChatbot.tsx(12,3): error TS1434: Unexpected keyword or identifier.
src/components/Navbar.tsx(180,1): error TS1128: Declaration or statement expected.
src/components/Navbar.tsx(180,2): error TS1434: Unexpected keyword or identifier.
src/components/Navbar.tsx(180,25): error TS1005: ';' expected.
src/components/Navbar.tsx(181,10): error TS1127: Invalid character.
src/components/Navbar.tsx(181,11): error TS1005: ';' expected.
src/components/Navbar.tsx(181,13): error TS1005: ';' expected.
src/components/Navbar.tsx(181,13): error TS1351: An identifier or keyword cannot immediately follow a numeric literal.
src/components/Navbar.tsx(184,1): error TS1128: Declaration or statement expected.
src/components/Navbar.tsx(184,2): error TS1434: Unexpected keyword or identifier.
src/components/Navbar.tsx(184,24): error TS1005: ';' expected.
src/components/Navbar.tsx(184,25): error TS1128: Declaration or statement expected.
src/components/Navbar.tsx(184,26): error TS1434: Unexpected keyword or identifier.
src/components/Navbar.tsx(185,14): error TS1109: Expression expected.
